6
./Variants/ioredis/variant6/ioredis

> ioredis@5.1.0 test
> npm run test:js && npm run test:tsd


> ioredis@5.1.0 test:js
> TS_NODE_TRANSPILE_ONLY=true NODE_ENV=test mocha "test/helpers/*.ts" "test/unit/**/*.ts" "test/functional/**/*.ts"



  autoPipelining
    ✔ should be able to efficiently get array args
    1) "after each" hook for "should be able to efficiently get array args"


  1 passing (8s)
  1 failing

  1) "after each" hook for "should be able to efficiently get array args":
     Error: Timeout of 8000ms exceeded. For async tests and hooks, ensure "done()" is called; if returning a Promise, ensure it resolves.
      at listOnTimeout (node:internal/timers:564:17)
      at processTimers (node:internal/timers:507:7)



./Variants/ioredis/variant5/ioredis

> ioredis@5.1.0 test
> npm run test:js && npm run test:tsd


> ioredis@5.1.0 test:js
> TS_NODE_TRANSPILE_ONLY=true NODE_ENV=test mocha "test/helpers/*.ts" "test/unit/**/*.ts" "test/functional/**/*.ts"



  autoPipelining
    ✔ should be able to efficiently get array args
    1) "after each" hook for "should be able to efficiently get array args"


  1 passing (8s)
  1 failing

  1) "after each" hook for "should be able to efficiently get array args":
     Error: Timeout of 8000ms exceeded. For async tests and hooks, ensure "done()" is called; if returning a Promise, ensure it resolves.
      at listOnTimeout (node:internal/timers:564:17)
      at processTimers (node:internal/timers:507:7)



./Variants/ioredis/variant4/ioredis

> ioredis@5.1.0 test
> npm run test:js && npm run test:tsd


> ioredis@5.1.0 test:js
> TS_NODE_TRANSPILE_ONLY=true NODE_ENV=test mocha "test/helpers/*.ts" "test/unit/**/*.ts" "test/functional/**/*.ts"



  autoPipelining
    ✔ should be able to efficiently get array args
    1) "after each" hook for "should be able to efficiently get array args"


  1 passing (8s)
  1 failing

  1) "after each" hook for "should be able to efficiently get array args":
     Error: Timeout of 8000ms exceeded. For async tests and hooks, ensure "done()" is called; if returning a Promise, ensure it resolves.
      at listOnTimeout (node:internal/timers:564:17)
      at processTimers (node:internal/timers:507:7)



./Variants/ioredis/variant3/ioredis

> ioredis@5.1.0 test
> npm run test:js && npm run test:tsd


> ioredis@5.1.0 test:js
> TS_NODE_TRANSPILE_ONLY=true NODE_ENV=test mocha "test/helpers/*.ts" "test/unit/**/*.ts" "test/functional/**/*.ts"



  autoPipelining
    ✔ should be able to efficiently get array args
    1) "after each" hook for "should be able to efficiently get array args"


  1 passing (8s)
  1 failing

  1) "after each" hook for "should be able to efficiently get array args":
     Error: Timeout of 8000ms exceeded. For async tests and hooks, ensure "done()" is called; if returning a Promise, ensure it resolves.
      at listOnTimeout (node:internal/timers:564:17)
      at processTimers (node:internal/timers:507:7)



./Variants/ioredis/variant2/ioredis

> ioredis@5.1.0 test
> npm run test:js && npm run test:tsd


> ioredis@5.1.0 test:js
> TS_NODE_TRANSPILE_ONLY=true NODE_ENV=test mocha "test/helpers/*.ts" "test/unit/**/*.ts" "test/functional/**/*.ts"



  autoPipelining
    ✔ should be able to efficiently get array args
    1) "after each" hook for "should be able to efficiently get array args"


  1 passing (8s)
  1 failing

  1) "after each" hook for "should be able to efficiently get array args":
     Error: Timeout of 8000ms exceeded. For async tests and hooks, ensure "done()" is called; if returning a Promise, ensure it resolves.
      at listOnTimeout (node:internal/timers:564:17)
      at processTimers (node:internal/timers:507:7)



./Variants/ioredis/variant1/ioredis

> ioredis@5.1.0 test
> npm run test:js && npm run test:tsd


> ioredis@5.1.0 test:js
> TS_NODE_TRANSPILE_ONLY=true NODE_ENV=test mocha "test/helpers/*.ts" "test/unit/**/*.ts" "test/functional/**/*.ts"



  autoPipelining
    ✔ should be able to efficiently get array args
    1) "after each" hook for "should be able to efficiently get array args"


  1 passing (8s)
  1 failing

  1) "after each" hook for "should be able to efficiently get array args":
     Error: Timeout of 8000ms exceeded. For async tests and hooks, ensure "done()" is called; if returning a Promise, ensure it resolves.
      at listOnTimeout (node:internal/timers:564:17)
      at processTimers (node:internal/timers:507:7)



